$ vite build
[33mThe plugin "vite-tsconfig-paths" is detected. Vite now supports tsconfig paths resolution natively via the [1mresolve.tsconfigPaths[22m option. You can remove the plugin and set [1mresolve.tsconfigPaths: true[22m in your Vite config instead.[39m
[36mvite v8.2.0 [32mbuilding client environment for production...[36m[39m
[2Ktransforming...✓ 2922 modules transformed.
rendering chunks...
computing gzip size...
.output/public/assets/styles-7eU3iATa.css           81.45 kB │ gzip:  13.69 kB
.output/public/assets/loader-circle-Cegz5-m5.js      0.13 kB │ gzip:   0.14 kB
.output/public/assets/activity-cIgMCzH2.js           0.22 kB │ gzip:   0.19 kB
.output/public/assets/trash-2-Cf6BkCV3.js            0.31 kB │ gzip:   0.21 kB
.output/public/assets/api-BkLYNP-M.js                0.32 kB │ gzip:   0.24 kB
.output/public/assets/_authenticated-BIHjLxMU.js     0.61 kB │ gzip:   0.42 kB
.output/public/assets/backendApi-Dy7ojdBW.js         0.71 kB │ gzip:   0.47 kB
.output/public/assets/badge-DBRbWOJk.js              0.77 kB │ gzip:   0.40 kB
.output/public/assets/card-i_w4AvVT.js               1.05 kB │ gzip:   0.40 kB
.output/public/assets/profileService-ByH-r1KH.js     1.06 kB │ gzip:   0.42 kB
.output/public/assets/pill-Cw0QY_-A.js               1.14 kB │ gzip:   0.58 kB
.output/public/assets/reset-password-B__OhH13.js     1.55 kB │ gzip:   0.82 kB
.output/public/assets/label-CCQnGSVE.js              1.68 kB │ gzip:   0.89 kB
.output/public/assets/alerts-BoL2lc-z.js             3.01 kB │ gzip:   1.32 kB
.output/public/assets/dist-DQIDQFog.js               3.18 kB │ gzip:   1.33 kB
.output/public/assets/AppShell-1QZ6Tod5.js           4.31 kB │ gzip:   1.68 kB
.output/public/assets/dist-CIGhfWgt.js               4.35 kB │ gzip:   1.78 kB
.output/public/assets/profile-CPs7aaeQ.js            6.08 kB │ gzip:   2.13 kB
.output/public/assets/prescriptions-B56J7Mva.js      6.20 kB │ gzip:   2.40 kB
.output/public/assets/routes-J71wmcsc.js             7.74 kB │ gzip:   2.53 kB
.output/public/assets/health-Cl3Jwav2.js             9.08 kB │ gzip:   3.26 kB
.output/public/assets/auth-middleware-B-p2D8K2.js    9.23 kB │ gzip:   3.75 kB
.output/public/assets/useMutation-CvQp0dzP.js       10.89 kB │ gzip:   3.72 kB
.output/public/assets/dashboard-CoK-2MXA.js         11.20 kB │ gzip:   4.07 kB
.output/public/assets/useRouter-aFWvmcP6.js         12.09 kB │ gzip:   4.32 kB
.output/public/assets/medications-BYTQF5K8.js       12.61 kB │ gzip:   4.08 kB
.output/public/assets/alertService-WlKYkPlj.js      20.00 kB │ gzip:   5.82 kB
.output/public/assets/auth-Bkc8F9Ja.js              20.71 kB │ gzip:   6.79 kB
.output/public/assets/dialog-tZJolWHl.js            28.33 kB │ gzip:   9.84 kB
.output/public/assets/button-Cz1vrFQD.js            33.12 kB │ gzip:  11.07 kB
.output/public/assets/vitalService-CThe9N0M.js     379.37 kB │ gzip: 100.48 kB
.output/public/assets/index-D7pcHmlG.js            583.65 kB │ gzip: 169.76 kB

[32m✓ built in 1.95s[39m
[33m[plugin builtin:vite-reporter] 
(!) Some chunks are larger than 500 kB after minification. Consider:
- Using dynamic import() to code-split the application
- Use build.rolldownOptions.output.codeSplitting to improve chunking: https://rolldown.rs/reference/OutputOptions.codeSplitting
- Adjust chunk size limit for this warning via build.chunkSizeWarningLimit.[39m
[36mvite v8.2.0 [32mbuilding ssr environment for production...[36m[39m
[2Ktransforming...✓ 112 modules transformed.
rendering chunks...
computing gzip size...
node_modules/.nitro/vite/services/ssr/assets/styles-7eU3iATa.css                                81.45 kB │ gzip: 13.69 kB
node_modules/.nitro/vite/services/ssr/assets/empty-plugin-adapters-D9UWiqvJ.js                   0.22 kB │ gzip:  0.16 kB
node_modules/.nitro/vite/services/ssr/assets/createServerRpc-MBa5GZ-L.js                         0.40 kB │ gzip:  0.27 kB
node_modules/.nitro/vite/services/ssr/assets/api-C1aUDQIA.js                                     0.62 kB │ gzip:  0.38 kB
node_modules/.nitro/vite/services/ssr/assets/createMiddleware-B_4t7rW1.js                        0.83 kB │ gzip:  0.32 kB
node_modules/.nitro/vite/services/ssr/assets/auth-DZJYv_Ur.js                                    0.86 kB │ gzip:  0.43 kB
node_modules/.nitro/vite/services/ssr/assets/badge-DZWKOgwu.js                                   0.98 kB │ gzip:  0.50 kB
node_modules/.nitro/vite/services/ssr/assets/__23tanstack-start-server-fn-resolver-Ct-Bc8c-.js   0.99 kB │ gzip:  0.51 kB
node_modules/.nitro/vite/services/ssr/assets/_authenticated-B9OgNXFY.js                          1.02 kB │ gzip:  0.54 kB
node_modules/.nitro/vite/services/ssr/assets/alertService-CowUMJia.js                            1.06 kB │ gzip:  0.47 kB
node_modules/.nitro/vite/services/ssr/assets/useAuth-DN8Ac26a.js                                 1.10 kB │ gzip:  0.52 kB
node_modules/.nitro/vite/services/ssr/assets/backendApi-D4N829Mm.js                              1.12 kB │ gzip:  0.62 kB
node_modules/.nitro/vite/services/ssr/assets/account.functions-DH9EkK0g.js                       1.16 kB │ gzip:  0.61 kB
node_modules/.nitro/vite/services/ssr/assets/label-sQVcd-s9.js                                   1.27 kB │ gzip:  0.60 kB
node_modules/.nitro/vite/services/ssr/assets/card-DXaOETbi.js                                    1.57 kB │ gzip:  0.49 kB
node_modules/.nitro/vite/services/ssr/assets/profileService-M4Mi8wsm.js                          1.62 kB │ gzip:  0.56 kB
node_modules/.nitro/vite/services/ssr/assets/createSsrRpc-zJuBQWej.js                            1.69 kB │ gzip:  0.83 kB
node_modules/.nitro/vite/services/ssr/assets/vitalService-wqC1N4RR.js                            1.72 kB │ gzip:  0.73 kB
node_modules/.nitro/vite/services/ssr/assets/client.server-KzwUIAkW.js                           1.73 kB │ gzip:  0.78 kB
node_modules/.nitro/vite/services/ssr/assets/button-B2LyfGb_.js                                  1.78 kB │ gzip:  0.81 kB
node_modules/.nitro/vite/services/ssr/assets/start-DVnOPYrN.js                                   2.05 kB │ gzip:  0.88 kB
node_modules/.nitro/vite/services/ssr/assets/reset-password-BIQMzuBs.js                          2.40 kB │ gzip:  1.02 kB
node_modules/.nitro/vite/services/ssr/assets/createCsrfMiddleware-jzif2P7h.js                    2.45 kB │ gzip:  0.86 kB
node_modules/.nitro/vite/services/ssr/assets/client-CFjc3-zE.js                                  2.49 kB │ gzip:  0.97 kB
node_modules/.nitro/vite/services/ssr/assets/auth-middleware-UH_Jp6hR.js                         2.67 kB │ gzip:  1.09 kB
node_modules/.nitro/vite/services/ssr/assets/interactions.functions-C_AzM1Yr.js                  3.34 kB │ gzip:  1.40 kB
node_modules/.nitro/vite/services/ssr/assets/dialog-Csm8sY-W.js                                  3.57 kB │ gzip:  1.15 kB
node_modules/.nitro/vite/services/ssr/assets/alerts-LJ0oooh4.js                                  4.47 kB │ gzip:  1.58 kB
node_modules/.nitro/vite/services/ssr/index.js                                                   4.61 kB │ gzip:  1.92 kB
node_modules/.nitro/vite/services/ssr/assets/_tanstack-start-manifest_v-Zduhn2fn.js              4.66 kB │ gzip:  0.94 kB
node_modules/.nitro/vite/services/ssr/assets/AppShell-DyZ1QT5c.js                                4.90 kB │ gzip:  1.61 kB
node_modules/.nitro/vite/services/ssr/assets/prescriptions-hOMLghNE.js                           9.32 kB │ gzip:  2.88 kB
node_modules/.nitro/vite/services/ssr/assets/routes-BoGKwOjw.js                                 10.21 kB │ gzip:  2.71 kB
node_modules/.nitro/vite/services/ssr/assets/profile-CuwOmnD7.js                                10.27 kB │ gzip:  2.85 kB
node_modules/.nitro/vite/services/ssr/assets/auth-Bs5Nxu--.js                                   11.10 kB │ gzip:  2.66 kB
node_modules/.nitro/vite/services/ssr/assets/createServerFn-BFFE07zL.js                         12.14 kB │ gzip:  3.54 kB
node_modules/.nitro/vite/services/ssr/assets/router-C499q6vM.js                                 13.75 kB │ gzip:  3.37 kB
node_modules/.nitro/vite/services/ssr/assets/health-BCLiUNH_.js                                 14.16 kB │ gzip:  4.06 kB
node_modules/.nitro/vite/services/ssr/assets/dashboard-nUKLRkUv.js                              16.21 kB │ gzip:  4.77 kB
node_modules/.nitro/vite/services/ssr/assets/medications-C9pEs2vZ.js                            20.08 kB │ gzip:  5.02 kB
node_modules/.nitro/vite/services/ssr/assets/server-BGLqDdmN.js                                 50.88 kB │ gzip: 13.13 kB

[32m✓ built in 870ms[39m
[start] [nitro] Building [[35mNitro[39m] [2m(preset: `cloudflare-module`, compatibility: `2026-09-19`)[22m
[success] [nitro] Generated public [36m.output/public[39m
[36mvite v8.2.0 [32mbuilding nitro environment for production...[36m[39m
[warn] `inlineDynamicImports` option is ignored because the `codeSplitting` option is specified.
[2Ktransforming...✓ 2953 modules transformed.
rendering chunks...
computing gzip size...
.output/server/_ssr/empty-plugin-adapters-D9UWiqvJ.mjs               0.23 kB │ gzip:   0.16 kB
.output/server/_ssr/createServerRpc-MBa5GZ-L.mjs                     0.40 kB │ gzip:   0.28 kB
.output/server/_chunks/ssr-renderer.mjs                              0.60 kB │ gzip:   0.36 kB
.output/server/_ssr/api-C1aUDQIA.mjs                                 0.66 kB │ gzip:   0.41 kB
.output/server/_libs/radix-ui__react-direction.mjs                   0.71 kB │ gzip:   0.39 kB
.output/server/_ssr/createMiddleware-B_4t7rW1.mjs                    0.83 kB │ gzip:   0.33 kB
.output/server/_ssr/auth-DZJYv_Ur.mjs                                0.94 kB │ gzip:   0.48 kB
.output/server/_libs/radix-ui__react-label.mjs                       1.00 kB │ gzip:   0.51 kB
.output/server/__23tanstack-start-server-fn-resolver-Ct-Bc8c-.mjs    1.06 kB │ gzip:   0.55 kB
.output/server/_ssr/alertService-CowUMJia.mjs                        1.10 kB │ gzip:   0.50 kB
.output/server/_ssr/badge-DZWKOgwu.mjs                               1.14 kB │ gzip:   0.55 kB
.output/server/_libs/hookable.mjs                                    1.16 kB │ gzip:   0.51 kB
.output/server/_ssr/backendApi-D4N829Mm.mjs                          1.16 kB │ gzip:   0.65 kB
.output/server/_ssr/account.functions-DH9EkK0g.mjs                   1.19 kB │ gzip:   0.64 kB
.output/server/_authenticated-B9OgNXFY.mjs                           1.41 kB │ gzip:   0.67 kB
.output/server/_ssr/useAuth-DN8Ac26a.mjs                             1.41 kB │ gzip:   0.64 kB
.output/server/_ssr/label-sQVcd-s9.mjs                               1.51 kB │ gzip:   0.69 kB
.output/server/_runtime.mjs                                          1.57 kB │ gzip:   0.74 kB
.output/server/_ssr/profileService-M4Mi8wsm.mjs                      1.66 kB │ gzip:   0.59 kB
.output/server/_libs/react-is.mjs                                    1.67 kB │ gzip:   0.65 kB
.output/server/_ssr/vitalService-wqC1N4RR.mjs                        1.77 kB │ gzip:   0.76 kB
.output/server/_ssr/client.server-KzwUIAkW.mjs                       1.83 kB │ gzip:   0.83 kB
.output/server/_libs/radix-ui__primitive.mjs                         1.83 kB │ gzip:   0.72 kB
.output/server/_ssr/createSsrRpc-zJuBQWej.mjs                        1.89 kB │ gzip:   0.89 kB
.output/server/_ssr/start-DVnOPYrN.mjs                               1.95 kB │ gzip:   0.86 kB
.output/server/_ssr/card-DXaOETbi.mjs                                1.99 kB │ gzip:   0.59 kB
.output/server/_ssr/button-B2LyfGb_.mjs                              1.99 kB │ gzip:   0.91 kB
.output/server/_libs/prop-types.mjs                                  2.27 kB │ gzip:   0.84 kB
.output/server/_ssr/createCsrfMiddleware-jzif2P7h.mjs                2.45 kB │ gzip:   0.86 kB
.output/server/_ssr/client-CFjc3-zE.mjs                              2.59 kB │ gzip:   1.03 kB
.output/server/_ssr/auth-middleware-UH_Jp6hR.mjs                     2.77 kB │ gzip:   1.14 kB
.output/server/_ssr/reset-password-BIQMzuBs.mjs                      2.99 kB │ gzip:   1.15 kB
.output/server/_libs/class-variance-authority+clsx.mjs               3.17 kB │ gzip:   1.24 kB
.output/server/_libs/d3-path.mjs                                     3.25 kB │ gzip:   1.16 kB
.output/server/_ssr/interactions.functions-C_AzM1Yr.mjs              3.31 kB │ gzip:   1.42 kB
.output/server/_ssr/dialog-Csm8sY-W.mjs                              4.13 kB │ gzip:   1.27 kB
.output/server/_ssr/ssr.mjs                                          4.55 kB │ gzip:   1.92 kB
.output/server/_tanstack-start-manifest_v-Zduhn2fn.mjs               4.72 kB │ gzip:   0.97 kB
.output/server/_libs/d3-interpolate.mjs                              5.02 kB │ gzip:   1.61 kB
.output/server/_ssr/alerts-LJ0oooh4.mjs                              5.33 kB │ gzip:   1.71 kB
.output/server/_ssr/AppShell-DyZ1QT5c.mjs                            5.88 kB │ gzip:   1.76 kB
.output/server/_libs/radix-ui__react-tabs.mjs                        6.08 kB │ gzip:   1.75 kB
.output/server/_libs/tanstack__react-query.mjs                       7.31 kB │ gzip:   1.93 kB
.output/server/_libs/d3-array.mjs                                    8.05 kB │ gzip:   2.25 kB
.output/server/_libs/eventemitter3.mjs                               8.31 kB │ gzip:   2.05 kB
.output/server/_libs/@radix-ui/react-switch+[...].mjs                8.89 kB │ gzip:   2.54 kB
.output/server/_libs/h3-v2+rou3+srvx.mjs                             9.89 kB │ gzip:   3.06 kB
.output/server/_libs/@radix-ui/react-roving-focus+[...].mjs         10.10 kB │ gzip:   2.79 kB
.output/server/_libs/d3-color.mjs                                   10.38 kB │ gzip:   3.57 kB
.output/server/_libs/d3-format.mjs                                  10.59 kB │ gzip:   3.02 kB
.output/server/_ssr/prescriptions-hOMLghNE.mjs                      10.71 kB │ gzip:   3.00 kB
.output/server/_ssr/createServerFn-BFFE07zL.mjs                     11.66 kB │ gzip:   3.55 kB
.output/server/_ssr/routes-BoGKwOjw.mjs                             11.89 kB │ gzip:   2.82 kB
.output/server/_ssr/profile-CuwOmnD7.mjs                            11.94 kB │ gzip:   2.98 kB
.output/server/_libs/tanstack__history.mjs                          12.09 kB │ gzip:   3.48 kB
.output/server/_libs/supabase__functions-js.mjs                     12.52 kB │ gzip:   3.47 kB
.output/server/_ssr/auth-Bs5Nxu--.mjs                               13.04 kB │ gzip:   2.79 kB
.output/server/_ssr/router-C499q6vM.mjs                             13.98 kB │ gzip:   3.42 kB
.output/server/_libs/fast-equals.mjs                                14.37 kB │ gzip:   3.62 kB
.output/server/_libs/lucide-react.mjs                               15.29 kB │ gzip:   3.37 kB
.output/server/index.mjs                                            16.20 kB │ gzip:   4.61 kB
.output/server/_libs/h3+rou3+srvx.mjs                               16.61 kB │ gzip:   4.80 kB
.output/server/_ssr/health-BCLiUNH_.mjs                             16.62 kB │ gzip:   4.20 kB
.output/server/_ssr/dashboard-nUKLRkUv.mjs                          18.07 kB │ gzip:   4.89 kB
.output/server/_ssr/medications-C9pEs2vZ.mjs                        22.80 kB │ gzip:   5.16 kB
.output/server/_libs/decimal.js-light.mjs                           23.31 kB │ gzip:   6.89 kB
.output/server/_libs/d3-shape.mjs                                   24.72 kB │ gzip:   5.02 kB
.output/server/_libs/supabase__supabase-js.mjs                      35.54 kB │ gzip:  10.47 kB
.output/server/_libs/react-smooth.mjs                               37.83 kB │ gzip:   8.15 kB
.output/server/_libs/@radix-ui/react-collection+[...].mjs           44.08 kB │ gzip:  10.05 kB
.output/server/_ssr/server-BGLqDdmN.mjs                             49.75 kB │ gzip:  13.04 kB
.output/server/_libs/supabase__phoenix.mjs                          50.54 kB │ gzip:  12.76 kB
.output/server/_libs/sonner.mjs                                     51.97 kB │ gzip:  11.78 kB
.output/server/_libs/d3-scale+[...].mjs                             58.25 kB │ gzip:  12.11 kB
.output/server/_libs/tanstack__query-core.mjs                       66.02 kB │ gzip:  13.95 kB
.output/server/_libs/date-fns.mjs                                   76.56 kB │ gzip:  14.63 kB
.output/server/_libs/@tanstack/router-core+[...].mjs                80.28 kB │ gzip:  20.18 kB
.output/server/_libs/supabase__realtime-js+unenv.mjs                80.69 kB │ gzip:  20.57 kB
.output/server/_libs/@radix-ui/react-dialog+[...].mjs               82.27 kB │ gzip:  19.49 kB
.output/server/_libs/tailwind-merge.mjs                             88.13 kB │ gzip:  15.66 kB
.output/server/_libs/supabase__postgrest-js.mjs                    105.54 kB │ gzip:  21.68 kB
.output/server/_libs/@supabase/storage-js+[...].mjs                119.62 kB │ gzip:  22.37 kB
.output/server/_libs/lodash.mjs                                    161.80 kB │ gzip:  29.44 kB
.output/server/_libs/supabase__auth-js.mjs                         312.47 kB │ gzip:  63.69 kB
.output/server/_libs/recharts+[...].mjs                            514.87 kB │ gzip:  96.53 kB
.output/server/_libs/@tanstack/react-router+[...].mjs              643.87 kB │ gzip: 135.64 kB

[32m✓ built in 718ms[39m
[info] [nitro] Using auto generated worker name: `ayush045-cloud-medisafe`
[info] Generated [36m.output/server/wrangler.json[39m
[info] Generated [36m.wrangler/deploy/config.json[39m
[info] Generated [36m.output/public/_headers[39m
[info] Generated [36m.output/nitro.json[39m
[success] [nitro] You can preview this build using `npx vite preview`
[success] [nitro] You can deploy this build using `npx nitro deploy --prebuilt`
